
> @cli-run-ui/web@0.0.1 build D:\code\cli-run-ui\apps\web
> vite build

[36mvite v6.4.1 [32mbuilding for production...[36m[39m
transforming...
[32m✓[39m 2215 modules transformed.
rendering chunks...
computing gzip size...
[2mdist/[22m[32mindex.html                                     [39m[1m[2m  0.41 kB[22m[1m[22m[2m │ gzip:   0.27 kB[22m
[2mdist/[22m[35massets/index-D1nVV2Vb.css                      [39m[1m[2m 49.42 kB[22m[1m[22m[2m │ gzip:   9.87 kB[22m
[2mdist/[22m[36massets/codeowners-Bp6g37R7.js                  [39m[1m[2m  0.55 kB[22m[1m[22m[2m │ gzip:   0.32 kB[22m
[2mdist/[22m[36massets/shellsession-C_rIy8kc.js                [39m[1m[2m  0.72 kB[22m[1m[22m[2m │ gzip:   0.43 kB[22m
[2mdist/[22m[36massets/tsv-B_m7g4N7.js                         [39m[1m[2m  0.74 kB[22m[1m[22m[2m │ gzip:   0.34 kB[22m
[2mdist/[22m[36massets/html-derivative-CSfWNPLT.js             [39m[1m[2m  0.97 kB[22m[1m[22m[2m │ gzip:   0.53 kB[22m
[2mdist/[22m[36massets/git-rebase-B-v9cOL2.js                  [39m[1m[2m  0.98 kB[22m[1m[22m[2m │ gzip:   0.44 kB[22m
[2mdist/[22m[36massets/qmldir-C8lEn-DE.js                      [39m[1m[2m  1.00 kB[22m[1m[22m[2m │ gzip:   0.45 kB[22m
[2mdist/[22m[36massets/fortran-fixed-form-TqA4NnZg.js          [39m[1m[2m  1.11 kB[22m[1m[22m[2m │ gzip:   0.55 kB[22m
[2mdist/[22m[36massets/csv-B0qRVHPH.js                         [39m[1m[2m  1.22 kB[22m[1m[22m[2m │ gzip:   0.37 kB[22m
[2mdist/[22m[36massets/xsl-Dd0NUgwM.js                         [39m[1m[2m  1.39 kB[22m[1m[22m[2m │ gzip:   0.52 kB[22m
[2mdist/[22m[36massets/sparql-bYkjHRlG.js                      [39m[1m[2m  1.51 kB[22m[1m[22m[2m │ gzip:   0.83 kB[22m
[2mdist/[22m[36massets/ini-BjABl1g7.js                         [39m[1m[2m  1.53 kB[22m[1m[22m[2m │ gzip:   0.50 kB[22m
[2mdist/[22m[36massets/git-commit-i4q6IMui.js                  [39m[1m[2m  1.55 kB[22m[1m[22m[2m │ gzip:   0.67 kB[22m
[2mdist/[22m[36massets/dotenv-BjQB5zDj.js                      [39m[1m[2m  1.70 kB[22m[1m[22m[2m │ gzip:   0.64 kB[22m
[2mdist/[22m[36massets/docker-COcR7UxN.js                      [39m[1m[2m  1.77 kB[22m[1m[22m[2m │ gzip:   0.61 kB[22m
[2mdist/[22m[36massets/hxml-TIA70rKU.js                        [39m[1m[2m  1.83 kB[22m[1m[22m[2m │ gzip:   0.90 kB[22m
[2mdist/[22m[36massets/desktop-DEIpsLCJ.js                     [39m[1m[2m  2.03 kB[22m[1m[22m[2m │ gzip:   0.79 kB[22m
[2mdist/[22m[36massets/wenyan-7A4Fjokl.js                      [39m[1m[2m  2.23 kB[22m[1m[22m[2m │ gzip:   1.11 kB[22m
[2mdist/[22m[36massets/edge-D5gP-w-T.js                        [39m[1m[2m  2.36 kB[22m[1m[22m[2m │ gzip:   0.70 kB[22m
[2mdist/[22m[36massets/reg-5LuOXUq_.js                         [39m[1m[2m  2.37 kB[22m[1m[22m[2m │ gzip:   0.71 kB[22m
[2mdist/[22m[36massets/berry-3xVqZejG.js                       [39m[1m[2m  2.45 kB[22m[1m[22m[2m │ gzip:   0.80 kB[22m
[2mdist/[22m[36massets/erb-BYTLMnw6.js                         [39m[1m[2m  2.61 kB[22m[1m[22m[2m │ gzip:   0.85 kB[22m
[2mdist/[22m[36massets/diff-BgYniUM_.js                        [39m[1m[2m  2.64 kB[22m[1m[22m[2m │ gzip:   0.74 kB[22m
[2mdist/[22m[36massets/gleam-B430Bg39.js                       [39m[1m[2m  2.69 kB[22m[1m[22m[2m │ gzip:   0.86 kB[22m
[2mdist/[22m[36massets/hy-BMj5Y0dO.js                          [39m[1m[2m  2.83 kB[22m[1m[22m[2m │ gzip:   1.19 kB[22m
[2mdist/[22m[36massets/json-BQoSv7ci.js                        [39m[1m[2m  2.92 kB[22m[1m[22m[2m │ gzip:   0.81 kB[22m
[2mdist/[22m[36massets/cairo--RitsXJZ.js                       [39m[1m[2m  2.95 kB[22m[1m[22m[2m │ gzip:   0.81 kB[22m
[2mdist/[22m[36massets/log-Cc5clBb7.js                         [39m[1m[2m  2.97 kB[22m[1m[22m[2m │ gzip:   0.89 kB[22m
[2mdist/[22m[36massets/jssm-P4WzXJd0.js                        [39m[1m[2m  2.97 kB[22m[1m[22m[2m │ gzip:   0.70 kB[22m
[2mdist/[22m[36massets/jsonl-DREVFZK8.js                       [39m[1m[2m  3.10 kB[22m[1m[22m[2m │ gzip:   0.83 kB[22m
[2mdist/[22m[36massets/jsonc-TU54ms6u.js                       [39m[1m[2m  3.20 kB[22m[1m[22m[2m │ gzip:   0.83 kB[22m
[2mdist/[22m[36massets/logo-IuBKFhSY.js                        [39m[1m[2m  3.21 kB[22m[1m[22m[2m │ gzip:   1.48 kB[22m
[2mdist/[22m[36massets/genie-ajMbGru0.js                       [39m[1m[2m  3.38 kB[22m[1m[22m[2m │ gzip:   1.22 kB[22m
[2mdist/[22m[36massets/po-BFLt1xDp.js                          [39m[1m[2m  3.38 kB[22m[1m[22m[2m │ gzip:   0.99 kB[22m
[2mdist/[22m[36massets/tasl-CQjiPCtT.js                        [39m[1m[2m  3.39 kB[22m[1m[22m[2m │ gzip:   0.89 kB[22m
[2mdist/[22m[36massets/vala-BFOHcciG.js                        [39m[1m[2m  3.40 kB[22m[1m[22m[2m │ gzip:   1.19 kB[22m
[2mdist/[22m[36massets/mipsasm-BC5c_5Pe.js                     [39m[1m[2m  3.42 kB[22m[1m[22m[2m │ gzip:   1.27 kB[22m
[2mdist/[22m[36massets/rel-DJlmqQ1C.js                         [39m[1m[2m  3.45 kB[22m[1m[22m[2m │ gzip:   1.11 kB[22m
[2mdist/[22m[36massets/json5-w8dY5SsB.js                       [39m[1m[2m  3.54 kB[22m[1m[22m[2m │ gzip:   0.94 kB[22m
[2mdist/[22m[36massets/ssh-config-BknIz3MU.js                  [39m[1m[2m  3.61 kB[22m[1m[22m[2m │ gzip:   1.59 kB[22m
[2mdist/[22m[36massets/fluent-Dayu4EKP.js                      [39m[1m[2m  3.62 kB[22m[1m[22m[2m │ gzip:   0.89 kB[22m
[2mdist/[22m[36massets/jsonnet-BfivnA6A.js                     [39m[1m[2m  3.63 kB[22m[1m[22m[2m │ gzip:   1.06 kB[22m
[2mdist/[22m[36massets/narrat-DLbgOhZU.js                      [39m[1m[2m  3.69 kB[22m[1m[22m[2m │ gzip:   1.11 kB[22m
[2mdist/[22m[36massets/turtle-BMR_PYu6.js                      [39m[1m[2m  3.71 kB[22m[1m[22m[2m │ gzip:   0.98 kB[22m
[2mdist/[22m[36massets/splunk-Cf8iN4DR.js                      [39m[1m[2m  3.92 kB[22m[1m[22m[2m │ gzip:   1.65 kB[22m
[2mdist/[22m[36massets/glsl-DBO2IWDn.js                        [39m[1m[2m  3.94 kB[22m[1m[22m[2m │ gzip:   1.43 kB[22m
[2mdist/[22m[36massets/nextflow-B0XVJmRM.js                    [39m[1m[2m  3.96 kB[22m[1m[22m[2m │ gzip:   1.10 kB[22m
[2mdist/[22m[36massets/pascal-JqZropPD.js                      [39m[1m[2m  4.18 kB[22m[1m[22m[2m │ gzip:   1.68 kB[22m
[2mdist/[22m[36massets/smalltalk-DkLiglaE.js                   [39m[1m[2m  4.20 kB[22m[1m[22m[2m │ gzip:   1.26 kB[22m
[2mdist/[22m[36massets/lean-XBlWyCtg.js                        [39m[1m[2m  4.31 kB[22m[1m[22m[2m │ gzip:   1.33 kB[22m
[2mdist/[22m[36massets/zenscript-HnGAYVZD.js                   [39m[1m[2m  4.40 kB[22m[1m[22m[2m │ gzip:   1.42 kB[22m
[2mdist/[22m[36massets/bicep-DHo0CJ0O.js                       [39m[1m[2m  4.45 kB[22m[1m[22m[2m │ gzip:   1.08 kB[22m
[2mdist/[22m[36massets/http-FRrOvY1W.js                        [39m[1m[2m  4.65 kB[22m[1m[22m[2m │ gzip:   1.14 kB[22m
[2mdist/[22m[36massets/polar-DKykz6zU.js                       [39m[1m[2m  4.68 kB[22m[1m[22m[2m │ gzip:   1.17 kB[22m
[2mdist/[22m[36massets/fennel-bCA53EVm.js                      [39m[1m[2m  4.82 kB[22m[1m[22m[2m │ gzip:   1.55 kB[22m
[2mdist/[22m[36massets/tcl-DQ1-QYvQ.js                         [39m[1m[2m  5.02 kB[22m[1m[22m[2m │ gzip:   1.69 kB[22m
[2mdist/[22m[36massets/bibtex-xW4inM5L.js                      [39m[1m[2m  5.08 kB[22m[1m[22m[2m │ gzip:   0.81 kB[22m
[2mdist/[22m[36massets/sdbl-BLhTXw86.js                        [39m[1m[2m  5.12 kB[22m[1m[22m[2m │ gzip:   2.12 kB[22m
[2mdist/[22m[36massets/fish-w-ucz2PV.js                        [39m[1m[2m  5.39 kB[22m[1m[22m[2m │ gzip:   1.69 kB[22m
[2mdist/[22m[36massets/xml-e3z08dGr.js                         [39m[1m[2m  5.41 kB[22m[1m[22m[2m │ gzip:   1.23 kB[22m
[2mdist/[22m[36massets/qml-D8XfuvdV.js                         [39m[1m[2m  5.42 kB[22m[1m[22m[2m │ gzip:   1.39 kB[22m
[2mdist/[22m[36massets/zig-BVz_zdnA.js                         [39m[1m[2m  5.46 kB[22m[1m[22m[2m │ gzip:   1.60 kB[22m
[2mdist/[22m[36massets/gdresource-BHYsBjWJ.js                  [39m[1m[2m  5.48 kB[22m[1m[22m[2m │ gzip:   1.37 kB[22m
[2mdist/[22m[36massets/awk-eg146-Ew.js                         [39m[1m[2m  5.49 kB[22m[1m[22m[2m │ gzip:   1.39 kB[22m
[2mdist/[22m[36massets/dax-ClGRhx96.js                         [39m[1m[2m  5.53 kB[22m[1m[22m[2m │ gzip:   2.28 kB[22m
[2mdist/[22m[36massets/jinja-DGy0s7-h.js                       [39m[1m[2m  5.72 kB[22m[1m[22m[2m │ gzip:   1.42 kB[22m
[2mdist/[22m[36massets/powerquery-CSHBycmS.js                  [39m[1m[2m  5.93 kB[22m[1m[22m[2m │ gzip:   1.52 kB[22m
[2mdist/[22m[36massets/verilog-CJaU5se_.js                     [39m[1m[2m  5.94 kB[22m[1m[22m[2m │ gzip:   1.89 kB[22m
[2mdist/[22m[36massets/coq-Dsg_Bt_b.js                         [39m[1m[2m  6.01 kB[22m[1m[22m[2m │ gzip:   2.02 kB[22m
[2mdist/[22m[36massets/vb-CdO5JTpU.js                          [39m[1m[2m  6.26 kB[22m[1m[22m[2m │ gzip:   2.36 kB[22m
[2mdist/[22m[36massets/red-bN70gL4F.js                         [39m[1m[2m  6.26 kB[22m[1m[22m[2m │ gzip:   1.60 kB[22m
[2mdist/[22m[36massets/shaderlab-B7qAK45m.js                   [39m[1m[2m  6.27 kB[22m[1m[22m[2m │ gzip:   2.10 kB[22m
[2mdist/[22m[36massets/min-dark-CafNBF8u.js                    [39m[1m[2m  6.29 kB[22m[1m[22m[2m │ gzip:   1.71 kB[22m
[2mdist/[22m[36massets/gdshader-SKMF96pI.js                    [39m[1m[2m  6.37 kB[22m[1m[22m[2m │ gzip:   1.75 kB[22m
[2mdist/[22m[36massets/prisma-B48N-Iqd.js                      [39m[1m[2m  6.39 kB[22m[1m[22m[2m │ gzip:   1.40 kB[22m
[2mdist/[22m[36massets/solarized-light-L9t79GZl.js             [39m[1m[2m  6.48 kB[22m[1m[22m[2m │ gzip:   1.73 kB[22m
[2mdist/[22m[36massets/wgsl-CB0Krxn9.js                        [39m[1m[2m  6.49 kB[22m[1m[22m[2m │ gzip:   1.71 kB[22m
[2mdist/[22m[36massets/postcss-B3ZDOciz.js                     [39m[1m[2m  6.52 kB[22m[1m[22m[2m │ gzip:   1.93 kB[22m
[2mdist/[22m[36massets/toml-CB2ApiWb.js                        [39m[1m[2m  6.53 kB[22m[1m[22m[2m │ gzip:   1.31 kB[22m
[2mdist/[22m[36massets/proto-zocC4JxJ.js                       [39m[1m[2m  6.57 kB[22m[1m[22m[2m │ gzip:   1.42 kB[22m
[2mdist/[22m[36massets/talonscript-C1XDQQGZ.js                 [39m[1m[2m  6.71 kB[22m[1m[22m[2m │ gzip:   1.47 kB[22m
[2mdist/[22m[36massets/cypher-m2LEI-9-.js                      [39m[1m[2m  6.81 kB[22m[1m[22m[2m │ gzip:   1.84 kB[22m
[2mdist/[22m[36massets/solarized-dark-DXbdFlpD.js              [39m[1m[2m  6.85 kB[22m[1m[22m[2m │ gzip:   1.80 kB[22m
[2mdist/[22m[36massets/soy-C-lX7w71.js                         [39m[1m[2m  6.95 kB[22m[1m[22m[2m │ gzip:   1.68 kB[22m
[2mdist/[22m[36massets/min-light-CTRr51gU.js                   [39m[1m[2m  6.97 kB[22m[1m[22m[2m │ gzip:   1.89 kB[22m
[2mdist/[22m[36massets/clojure-DxSadP1t.js                     [39m[1m[2m  7.08 kB[22m[1m[22m[2m │ gzip:   1.49 kB[22m
[2mdist/[22m[36massets/ara-7O62HKoU.js                         [39m[1m[2m  7.25 kB[22m[1m[22m[2m │ gzip:   2.13 kB[22m
[2mdist/[22m[36massets/hlsl-ifBTmRxC.js                        [39m[1m[2m  7.61 kB[22m[1m[22m[2m │ gzip:   2.24 kB[22m
[2mdist/[22m[36massets/riscv-QhoSD0DR.js                       [39m[1m[2m  7.70 kB[22m[1m[22m[2m │ gzip:   2.21 kB[22m
[2mdist/[22m[36massets/qss-DhMKtDLN.js                         [39m[1m[2m  7.82 kB[22m[1m[22m[2m │ gzip:   2.59 kB[22m
[2mdist/[22m[36massets/monokai-D4h5O-jR.js                     [39m[1m[2m  7.88 kB[22m[1m[22m[2m │ gzip:   1.91 kB[22m
[2mdist/[22m[36massets/dart-B9wLZaAG.js                        [39m[1m[2m  7.89 kB[22m[1m[22m[2m │ gzip:   1.93 kB[22m
[2mdist/[22m[36massets/systemd-CUnW07Te.js                     [39m[1m[2m  8.00 kB[22m[1m[22m[2m │ gzip:   2.57 kB[22m
[2mdist/[22m[36massets/regexp-DWJ3fJO_.js                      [39m[1m[2m  8.07 kB[22m[1m[22m[2m │ gzip:   1.46 kB[22m
[2mdist/[22m[36massets/haml-B2EZWmdv.js                        [39m[1m[2m  8.49 kB[22m[1m[22m[2m │ gzip:   1.87 kB[22m
[2mdist/[22m[36massets/typst-BVUVsWT6.js                       [39m[1m[2m  8.55 kB[22m[1m[22m[2m │ gzip:   1.70 kB[22m
[2mdist/[22m[36massets/plsql-LKU2TuZ1.js                       [39m[1m[2m  8.57 kB[22m[1m[22m[2m │ gzip:   3.00 kB[22m
[2mdist/[22m[36massets/vue-html-xdeiXROB.js                    [39m[1m[2m  8.70 kB[22m[1m[22m[2m │ gzip:   1.77 kB[22m
[2mdist/[22m[36massets/scheme-BJGe-b2p.js                      [39m[1m[2m  8.72 kB[22m[1m[22m[2m │ gzip:   2.60 kB[22m
[2mdist/[22m[36massets/kotlin-B5lbUyaz.js                      [39m[1m[2m  8.82 kB[22m[1m[22m[2m │ gzip:   2.14 kB[22m
[2mdist/[22m[36massets/andromeeda-C3khCPGq.js                  [39m[1m[2m  8.86 kB[22m[1m[22m[2m │ gzip:   2.31 kB[22m
[2mdist/[22m[36massets/make-Bvotw-X0.js                        [39m[1m[2m  9.01 kB[22m[1m[22m[2m │ gzip:   1.77 kB[22m
[2mdist/[22m[36massets/dark-plus-C3mMm8J8.js                   [39m[1m[2m  9.10 kB[22m[1m[22m[2m │ gzip:   2.10 kB[22m
[2mdist/[22m[36massets/slack-dark-BthQWCQV.js                  [39m[1m[2m  9.12 kB[22m[1m[22m[2m │ gzip:   1.97 kB[22m
[2mdist/[22m[36massets/ts-tags-CipyTH0X.js                     [39m[1m[2m  9.18 kB[22m[1m[22m[2m │ gzip:   1.25 kB[22m
[2mdist/[22m[36massets/plastic-3e1v2bzS.js                     [39m[1m[2m  9.30 kB[22m[1m[22m[2m │ gzip:   1.98 kB[22m
[2mdist/[22m[36massets/tex-rYs2v40G.js                         [39m[1m[2m  9.37 kB[22m[1m[22m[2m │ gzip:   2.94 kB[22m
[2mdist/[22m[36massets/sass-BJ4Li9vH.js                        [39m[1m[2m  9.41 kB[22m[1m[22m[2m │ gzip:   2.50 kB[22m
[2mdist/[22m[36massets/slack-ochin-DqwNpetd.js                 [39m[1m[2m  9.43 kB[22m[1m[22m[2m │ gzip:   2.10 kB[22m
[2mdist/[22m[36massets/jison-BqZprYcd.js                       [39m[1m[2m  9.73 kB[22m[1m[22m[2m │ gzip:   1.87 kB[22m
[2mdist/[22m[36massets/sas-BmTFh92c.js                         [39m[1m[2m  9.80 kB[22m[1m[22m[2m │ gzip:   4.07 kB[22m
[2mdist/[22m[36massets/light-plus-B7mTdjB0.js                  [39m[1m[2m  9.94 kB[22m[1m[22m[2m │ gzip:   2.27 kB[22m
[2mdist/[22m[36massets/cmake-DbXoA79R.js                       [39m[1m[2m 10.50 kB[22m[1m[22m[2m │ gzip:   3.59 kB[22m
[2mdist/[22m[36massets/dream-maker-C-nORZOA.js                 [39m[1m[2m 10.61 kB[22m[1m[22m[2m │ gzip:   2.30 kB[22m
[2mdist/[22m[36massets/raku-B1bQXN8T.js                        [39m[1m[2m 10.61 kB[22m[1m[22m[2m │ gzip:   2.96 kB[22m
[2mdist/[22m[36massets/rst-4NLicBqY.js                         [39m[1m[2m 10.65 kB[22m[1m[22m[2m │ gzip:   2.42 kB[22m
[2mdist/[22m[36massets/beancount-BwXTMy5W.js                   [39m[1m[2m 10.76 kB[22m[1m[22m[2m │ gzip:   1.52 kB[22m
[2mdist/[22m[36massets/yaml-CVw76BM1.js                        [39m[1m[2m 10.79 kB[22m[1m[22m[2m │ gzip:   2.30 kB[22m
[2mdist/[22m[36massets/cadence-DNquZEk8.js                     [39m[1m[2m 11.03 kB[22m[1m[22m[2m │ gzip:   2.32 kB[22m
[2mdist/[22m[36massets/github-light-DAi9KRSo.js                [39m[1m[2m 11.18 kB[22m[1m[22m[2m │ gzip:   2.51 kB[22m
[2mdist/[22m[36massets/elm-CmHSxxaM.js                         [39m[1m[2m 11.29 kB[22m[1m[22m[2m │ gzip:   2.23 kB[22m
[2mdist/[22m[36massets/github-dark-DHJKELXO.js                 [39m[1m[2m 11.41 kB[22m[1m[22m[2m │ gzip:   2.55 kB[22m
[2mdist/[22m[36massets/prolog-BY-TUvya.js                      [39m[1m[2m 11.44 kB[22m[1m[22m[2m │ gzip:   3.84 kB[22m
[2mdist/[22m[36massets/laserwave-DUszq2jm.js                   [39m[1m[2m 11.50 kB[22m[1m[22m[2m │ gzip:   2.58 kB[22m
[2mdist/[22m[36massets/puppet-Cza_XSSt.js                      [39m[1m[2m 11.75 kB[22m[1m[22m[2m │ gzip:   2.23 kB[22m
[2mdist/[22m[36massets/hcl-HzYwdGDm.js                         [39m[1m[2m 11.97 kB[22m[1m[22m[2m │ gzip:   2.51 kB[22m
[2mdist/[22m[36massets/handlebars-BQGss363.js                  [39m[1m[2m 12.27 kB[22m[1m[22m[2m │ gzip:   2.39 kB[22m
[2mdist/[22m[36massets/hjson-T-Tgc4AT.js                       [39m[1m[2m 12.33 kB[22m[1m[22m[2m │ gzip:   1.68 kB[22m
[2mdist/[22m[36massets/gherkin--30QC5Em.js                     [39m[1m[2m 12.54 kB[22m[1m[22m[2m │ gzip:   5.14 kB[22m
[2mdist/[22m[36massets/vesper-BEBZ7ncR.js                      [39m[1m[2m 12.66 kB[22m[1m[22m[2m │ gzip:   1.97 kB[22m
[2mdist/[22m[36massets/luau-Du5NY7AG.js                        [39m[1m[2m 12.92 kB[22m[1m[22m[2m │ gzip:   3.11 kB[22m
[2mdist/[22m[36massets/bat-fje9CFhw.js                         [39m[1m[2m 12.99 kB[22m[1m[22m[2m │ gzip:   3.26 kB[22m
[2mdist/[22m[36massets/apache-Dn00JSTd.js                      [39m[1m[2m 13.21 kB[22m[1m[22m[2m │ gzip:   3.79 kB[22m
[2mdist/[22m[36massets/terraform-BbSNqyBO.js                   [39m[1m[2m 13.38 kB[22m[1m[22m[2m │ gzip:   3.11 kB[22m
[2mdist/[22m[36massets/vitesse-light-CVO1_9PV.js               [39m[1m[2m 13.62 kB[22m[1m[22m[2m │ gzip:   3.04 kB[22m
[2mdist/[22m[36massets/aurora-x-D-2ljcwZ.js                    [39m[1m[2m 13.66 kB[22m[1m[22m[2m │ gzip:   2.28 kB[22m
[2mdist/[22m[36massets/vitesse-black-Bkuqu6BP.js               [39m[1m[2m 13.68 kB[22m[1m[22m[2m │ gzip:   3.06 kB[22m
[2mdist/[22m[36massets/v-CAQ2eGtk.js                           [39m[1m[2m 13.74 kB[22m[1m[22m[2m │ gzip:   2.85 kB[22m
[2mdist/[22m[36massets/vitesse-dark-D0r3Knsf.js                [39m[1m[2m 13.76 kB[22m[1m[22m[2m │ gzip:   3.06 kB[22m
[2mdist/[22m[36massets/synthwave-84-CbfX1IO0.js                [39m[1m[2m 14.04 kB[22m[1m[22m[2m │ gzip:   2.87 kB[22m
[2mdist/[22m[36massets/github-light-default-D7oLnXFd.js        [39m[1m[2m 14.16 kB[22m[1m[22m[2m │ gzip:   3.04 kB[22m
[2mdist/[22m[36massets/github-light-high-contrast-BfjtVDDH.js  [39m[1m[2m 14.28 kB[22m[1m[22m[2m │ gzip:   3.02 kB[22m
[2mdist/[22m[36massets/github-dark-dimmed-DH5Ifo-i.js          [39m[1m[2m 14.43 kB[22m[1m[22m[2m │ gzip:   3.13 kB[22m
[2mdist/[22m[36massets/github-dark-default-Cuk6v7N8.js         [39m[1m[2m 14.44 kB[22m[1m[22m[2m │ gzip:   3.13 kB[22m
[2mdist/[22m[36massets/clarity-BHOwM8T6.js                     [39m[1m[2m 14.55 kB[22m[1m[22m[2m │ gzip:   2.48 kB[22m
[2mdist/[22m[36massets/actionscript-3-D_z4Izcz.js              [39m[1m[2m 14.56 kB[22m[1m[22m[2m │ gzip:   2.80 kB[22m
[2mdist/[22m[36massets/github-dark-high-contrast-E3gJ1_iC.js   [39m[1m[2m 14.60 kB[22m[1m[22m[2m │ gzip:   3.09 kB[22m
[2mdist/[22m[36massets/pug-CM9l7STV.js                         [39m[1m[2m 14.89 kB[22m[1m[22m[2m │ gzip:   2.91 kB[22m
[2mdist/[22m[36massets/gnuplot-CM8KxXT1.js                     [39m[1m[2m 14.91 kB[22m[1m[22m[2m │ gzip:   3.30 kB[22m
[2mdist/[22m[36massets/ayu-dark-Cv9koXgw.js                    [39m[1m[2m 14.95 kB[22m[1m[22m[2m │ gzip:   3.08 kB[22m
[2mdist/[22m[36massets/nix-shcSOmrb.js                         [39m[1m[2m 15.55 kB[22m[1m[22m[2m │ gzip:   2.35 kB[22m
[2mdist/[22m[36massets/lua-CvWAzNxB.js                         [39m[1m[2m 15.62 kB[22m[1m[22m[2m │ gzip:   3.16 kB[22m
[2mdist/[22m[36massets/wasm-C6j12Q_x.js                        [39m[1m[2m 15.93 kB[22m[1m[22m[2m │ gzip:   2.90 kB[22m
[2mdist/[22m[36massets/solidity-C1w2a3ep.js                    [39m[1m[2m 16.23 kB[22m[1m[22m[2m │ gzip:   3.13 kB[22m
[2mdist/[22m[36massets/svelte-MSaWC3Je.js                      [39m[1m[2m 16.89 kB[22m[1m[22m[2m │ gzip:   2.96 kB[22m
[2mdist/[22m[36massets/purescript-Bg-kzb6g.js                  [39m[1m[2m 17.10 kB[22m[1m[22m[2m │ gzip:   2.65 kB[22m
[2mdist/[22m[36massets/kanagawa-wave-DWedfzmr.js               [39m[1m[2m 17.12 kB[22m[1m[22m[2m │ gzip:   2.93 kB[22m
[2mdist/[22m[36massets/kanagawa-lotus-CfQXZHmo.js              [39m[1m[2m 17.13 kB[22m[1m[22m[2m │ gzip:   2.93 kB[22m
[2mdist/[22m[36massets/kanagawa-dragon-CkXjmgJE.js             [39m[1m[2m 17.13 kB[22m[1m[22m[2m │ gzip:   2.95 kB[22m
[2mdist/[22m[36massets/liquid-D3W5UaiH.js                      [39m[1m[2m 17.17 kB[22m[1m[22m[2m │ gzip:   3.08 kB[22m
[2mdist/[22m[36massets/cue-DtFQj3wx.js                         [39m[1m[2m 17.35 kB[22m[1m[22m[2m │ gzip:   2.09 kB[22m
[2mdist/[22m[36massets/rust-Be6lgOlo.js                        [39m[1m[2m 17.60 kB[22m[1m[22m[2m │ gzip:   3.37 kB[22m
[2mdist/[22m[36massets/angular-html-LfdN0zeE.js                [39m[1m[2m 17.66 kB[22m[1m[22m[2m │ gzip:   3.51 kB[22m
[2mdist/[22m[36massets/graphql-cDcHW_If.js                     [39m[1m[2m 18.20 kB[22m[1m[22m[2m │ gzip:   2.66 kB[22m
[2mdist/[22m[36massets/elixir-CLiX3zqd.js                      [39m[1m[2m 18.30 kB[22m[1m[22m[2m │ gzip:   3.22 kB[22m
[2mdist/[22m[36massets/material-theme-D5KoaKCx.js              [39m[1m[2m 18.62 kB[22m[1m[22m[2m │ gzip:   3.11 kB[22m
[2mdist/[22m[36massets/material-theme-darker-BfHTSMKl.js       [39m[1m[2m 18.63 kB[22m[1m[22m[2m │ gzip:   3.11 kB[22m
[2mdist/[22m[36massets/material-theme-ocean-CyktbL80.js        [39m[1m[2m 18.63 kB[22m[1m[22m[2m │ gzip:   3.14 kB[22m
[2mdist/[22m[36massets/material-theme-lighter-B0m2ddpp.js      [39m[1m[2m 18.63 kB[22m[1m[22m[2m │ gzip:   3.11 kB[22m
[2mdist/[22m[36massets/material-theme-palenight-Csfq5Kiy.js    [39m[1m[2m 18.64 kB[22m[1m[22m[2m │ gzip:   3.13 kB[22m
[2mdist/[22m[36massets/gdscript-DfxzS6Rs.js                    [39m[1m[2m 18.65 kB[22m[1m[22m[2m │ gzip:   3.72 kB[22m
[2mdist/[22m[36massets/abap-DsBKuouk.js                        [39m[1m[2m 18.82 kB[22m[1m[22m[2m │ gzip:   6.20 kB[22m
[2mdist/[22m[36massets/marko-z0MBrx5-.js                       [39m[1m[2m 19.33 kB[22m[1m[22m[2m │ gzip:   3.20 kB[22m
[2mdist/[22m[36massets/groovy-DkBy-JyN.js                      [39m[1m[2m 19.65 kB[22m[1m[22m[2m │ gzip:   3.78 kB[22m
[2mdist/[22m[36massets/mdc-DB_EDNY_.js                         [39m[1m[2m 19.70 kB[22m[1m[22m[2m │ gzip:   6.61 kB[22m
[2mdist/[22m[36massets/nushell-D4Tzg5kh.js                     [39m[1m[2m 19.75 kB[22m[1m[22m[2m │ gzip:   4.94 kB[22m
[2mdist/[22m[36massets/matlab-D9-PGadD.js                      [39m[1m[2m 20.14 kB[22m[1m[22m[2m │ gzip:   3.87 kB[22m
[2mdist/[22m[36massets/move-DB_GagMm.js                        [39m[1m[2m 20.24 kB[22m[1m[22m[2m │ gzip:   4.05 kB[22m
[2mdist/[22m[36massets/glimmer-js-D-cwc0-E.js                  [39m[1m[2m 20.56 kB[22m[1m[22m[2m │ gzip:   3.00 kB[22m
[2mdist/[22m[36massets/glimmer-ts-pgjy16dm.js                  [39m[1m[2m 20.56 kB[22m[1m[22m[2m │ gzip:   3.00 kB[22m
[2mdist/[22m[36massets/kusto-mebxcVVE.js                       [39m[1m[2m 20.63 kB[22m[1m[22m[2m │ gzip:   4.55 kB[22m
[2mdist/[22m[36massets/snazzy-light-Bw305WKR.js                [39m[1m[2m 20.77 kB[22m[1m[22m[2m │ gzip:   3.83 kB[22m
[2mdist/[22m[36massets/viml-m4uW47V2.js                        [39m[1m[2m 21.02 kB[22m[1m[22m[2m │ gzip:   7.24 kB[22m
[2mdist/[22m[36massets/dracula-BzJJZx-M.js                     [39m[1m[2m 21.07 kB[22m[1m[22m[2m │ gzip:   4.00 kB[22m
[2mdist/[22m[36massets/dracula-soft-BXkSAIEj.js                [39m[1m[2m 21.08 kB[22m[1m[22m[2m │ gzip:   4.04 kB[22m
[2mdist/[22m[36massets/vue-BuYVFjOK.js                         [39m[1m[2m 21.48 kB[22m[1m[22m[2m │ gzip:   2.89 kB[22m
[2mdist/[22m[36massets/rose-pine-CmCqftbK.js                   [39m[1m[2m 21.76 kB[22m[1m[22m[2m │ gzip:   3.87 kB[22m
[2mdist/[22m[36massets/rose-pine-moon-CjDtw9vr.js              [39m[1m[2m 21.77 kB[22m[1m[22m[2m │ gzip:   3.89 kB[22m
[2mdist/[22m[36massets/rose-pine-dawn-Ds-gbosJ.js              [39m[1m[2m 21.77 kB[22m[1m[22m[2m │ gzip:   3.89 kB[22m
[2mdist/[22m[36massets/powershell-BIEUsx6d.js                  [39m[1m[2m 22.26 kB[22m[1m[22m[2m │ gzip:   4.70 kB[22m
[2mdist/[22m[36massets/twig-NC5TFiHP.js                        [39m[1m[2m 23.01 kB[22m[1m[22m[2m │ gzip:   4.15 kB[22m
[2mdist/[22m[36massets/nim-ZlGxZxc3.js                         [39m[1m[2m 23.63 kB[22m[1m[22m[2m │ gzip:   3.50 kB[22m
[2mdist/[22m[36massets/vhdl-DYoNaHQp.js                        [39m[1m[2m 23.78 kB[22m[1m[22m[2m │ gzip:   3.86 kB[22m
[2mdist/[22m[36massets/templ-dwX3ZSMB.js                       [39m[1m[2m 23.97 kB[22m[1m[22m[2m │ gzip:   5.39 kB[22m
[2mdist/[22m[36massets/astro-CqkE3fuf.js                       [39m[1m[2m 24.07 kB[22m[1m[22m[2m │ gzip:   7.45 kB[22m
[2mdist/[22m[36massets/apl-BBq3IX1j.js                         [39m[1m[2m 24.23 kB[22m[1m[22m[2m │ gzip:   4.22 kB[22m
[2mdist/[22m[36massets/sql-COK4E0Yg.js                         [39m[1m[2m 24.32 kB[22m[1m[22m[2m │ gzip:   7.68 kB[22m
[2mdist/[22m[36massets/one-light-PoHY5YXO.js                   [39m[1m[2m 25.30 kB[22m[1m[22m[2m │ gzip:   3.68 kB[22m
[2mdist/[22m[36massets/razor-CNLDkMZG.js                       [39m[1m[2m 25.81 kB[22m[1m[22m[2m │ gzip:   3.47 kB[22m
[2mdist/[22m[36massets/fsharp-XplgxFYe.js                      [39m[1m[2m 25.83 kB[22m[1m[22m[2m │ gzip:   4.22 kB[22m
[2mdist/[22m[36massets/nord-Ddv68eIx.js                        [39m[1m[2m 26.72 kB[22m[1m[22m[2m │ gzip:   4.40 kB[22m
[2mdist/[22m[36massets/system-verilog-C7L56vO4.js              [39m[1m[2m 26.77 kB[22m[1m[22m[2m │ gzip:   4.88 kB[22m
[2mdist/[22m[36massets/java-xI-RfyKK.js                        [39m[1m[2m 27.49 kB[22m[1m[22m[2m │ gzip:   4.33 kB[22m
[2mdist/[22m[36massets/coffee-dyiR41kL.js                      [39m[1m[2m 27.75 kB[22m[1m[22m[2m │ gzip:   6.42 kB[22m
[2mdist/[22m[36massets/scss-C31hgJw-.js                        [39m[1m[2m 28.13 kB[22m[1m[22m[2m │ gzip:   4.43 kB[22m
[2mdist/[22m[36massets/typespec-BpWG_bgh.js                    [39m[1m[2m 28.19 kB[22m[1m[22m[2m │ gzip:   2.83 kB[22m
[2mdist/[22m[36massets/common-lisp-C7gG9l05.js                 [39m[1m[2m 28.50 kB[22m[1m[22m[2m │ gzip:   6.72 kB[22m
[2mdist/[22m[36massets/night-owl-C39BiMTA.js                   [39m[1m[2m 28.91 kB[22m[1m[22m[2m │ gzip:   5.16 kB[22m
[2mdist/[22m[36massets/scala-DQVVAn-B.js                       [39m[1m[2m 30.49 kB[22m[1m[22m[2m │ gzip:   4.32 kB[22m
[2mdist/[22m[36massets/applescript-Bu5BbsvL.js                 [39m[1m[2m 30.81 kB[22m[1m[22m[2m │ gzip:   6.35 kB[22m
[2mdist/[22m[36massets/stylus-BeQkCIfX.js                      [39m[1m[2m 31.56 kB[22m[1m[22m[2m │ gzip:   8.11 kB[22m
[2mdist/[22m[36massets/mermaid-Ci6OQyBP.js                     [39m[1m[2m 33.06 kB[22m[1m[22m[2m │ gzip:   4.65 kB[22m
[2mdist/[22m[36massets/poimandres-CS3Unz2-.js                  [39m[1m[2m 33.49 kB[22m[1m[22m[2m │ gzip:   5.50 kB[22m
[2mdist/[22m[36massets/codeql-sacFqUAJ.js                      [39m[1m[2m 33.59 kB[22m[1m[22m[2m │ gzip:   4.00 kB[22m
[2mdist/[22m[36massets/one-dark-pro-GBQ2dnAY.js                [39m[1m[2m 33.74 kB[22m[1m[22m[2m │ gzip:   5.51 kB[22m
[2mdist/[22m[36massets/crystal-DtDmRg-F.js                     [39m[1m[2m 33.75 kB[22m[1m[22m[2m │ gzip:   5.59 kB[22m
[2mdist/[22m[36massets/tokyo-night-DBQeEorK.js                 [39m[1m[2m 34.36 kB[22m[1m[22m[2m │ gzip:   5.97 kB[22m
[2mdist/[22m[36massets/haxe-C5wWYbrZ.js                        [39m[1m[2m 35.30 kB[22m[1m[22m[2m │ gzip:   5.93 kB[22m
[2mdist/[22m[36massets/houston-DnULxvSX.js                     [39m[1m[2m 35.42 kB[22m[1m[22m[2m │ gzip:   5.78 kB[22m
[2mdist/[22m[36massets/julia-BBuGR-5E.js                       [39m[1m[2m 35.71 kB[22m[1m[22m[2m │ gzip:   6.13 kB[22m
[2mdist/[22m[36massets/nginx-D_VnBJ67.js                       [39m[1m[2m 35.73 kB[22m[1m[22m[2m │ gzip:   4.49 kB[22m
[2mdist/[22m[36massets/erlang-B-DoSBHF.js                      [39m[1m[2m 36.31 kB[22m[1m[22m[2m │ gzip:   4.44 kB[22m
[2mdist/[22m[36massets/r-CwjWoCRV.js                           [39m[1m[2m 36.87 kB[22m[1m[22m[2m │ gzip:  11.22 kB[22m
[2mdist/[22m[36massets/bsl-Dgyn0ogV.js                         [39m[1m[2m 38.13 kB[22m[1m[22m[2m │ gzip:   8.92 kB[22m
[2mdist/[22m[36massets/cobol-PTqiYgYu.js                       [39m[1m[2m 40.58 kB[22m[1m[22m[2m │ gzip:  11.08 kB[22m
[2mdist/[22m[36massets/asm-Dhn9LcZ4.js                         [39m[1m[2m 40.85 kB[22m[1m[22m[2m │ gzip:   8.18 kB[22m
[2mdist/[22m[36massets/shellscript-atvbtKCR.js                 [39m[1m[2m 42.71 kB[22m[1m[22m[2m │ gzip:   6.33 kB[22m
[2mdist/[22m[36massets/d-BoXegm-a.js                           [39m[1m[2m 43.01 kB[22m[1m[22m[2m │ gzip:   8.40 kB[22m
[2mdist/[22m[36massets/haskell-BILxekzW.js                     [39m[1m[2m 43.27 kB[22m[1m[22m[2m │ gzip:   7.02 kB[22m
[2mdist/[22m[36massets/perl-CHQXSrWU.js                        [39m[1m[2m 44.55 kB[22m[1m[22m[2m │ gzip:   4.87 kB[22m
[2mdist/[22m[36massets/catppuccin-mocha-LGGdnPYs.js            [39m[1m[2m 45.61 kB[22m[1m[22m[2m │ gzip:   7.73 kB[22m
[2mdist/[22m[36massets/catppuccin-latte-DRW-0cLl.js            [39m[1m[2m 45.61 kB[22m[1m[22m[2m │ gzip:   7.74 kB[22m
[2mdist/[22m[36massets/catppuccin-frappe-CD_QflpE.js           [39m[1m[2m 45.62 kB[22m[1m[22m[2m │ gzip:   7.75 kB[22m
[2mdist/[22m[36massets/catppuccin-macchiato-C-_shW-Y.js        [39m[1m[2m 45.62 kB[22m[1m[22m[2m │ gzip:   7.74 kB[22m
[2mdist/[22m[36massets/apex-COJ4H7py.js                        [39m[1m[2m 46.81 kB[22m[1m[22m[2m │ gzip:   6.78 kB[22m
[2mdist/[22m[36massets/ada-727ZlQH0.js                         [39m[1m[2m 48.53 kB[22m[1m[22m[2m │ gzip:   6.05 kB[22m
[2mdist/[22m[36massets/ruby-DeZ3UC14.js                        [39m[1m[2m 51.48 kB[22m[1m[22m[2m │ gzip:   7.13 kB[22m
[2mdist/[22m[36massets/go-B1SYOhNW.js                          [39m[1m[2m 52.41 kB[22m[1m[22m[2m │ gzip:   6.40 kB[22m
[2mdist/[22m[36massets/imba-bv_oIlVt.js                        [39m[1m[2m 53.46 kB[22m[1m[22m[2m │ gzip:  10.21 kB[22m
[2mdist/[22m[36massets/everforest-dark-BgDCqdQA.js             [39m[1m[2m 53.75 kB[22m[1m[22m[2m │ gzip:   8.42 kB[22m
[2mdist/[22m[36massets/everforest-light-C8M2exoo.js            [39m[1m[2m 53.75 kB[22m[1m[22m[2m │ gzip:   8.42 kB[22m
[2mdist/[22m[36massets/css-BPhBrDlE.js                         [39m[1m[2m 53.80 kB[22m[1m[22m[2m │ gzip:  13.50 kB[22m
[2mdist/[22m[36massets/wikitext-DCE3LsBG.js                    [39m[1m[2m 56.62 kB[22m[1m[22m[2m │ gzip:   4.82 kB[22m
[2mdist/[22m[36massets/markdown-UIAJJxZW.js                    [39m[1m[2m 56.99 kB[22m[1m[22m[2m │ gzip:   5.63 kB[22m
[2mdist/[22m[36massets/latex-C-cWTeAZ.js                       [39m[1m[2m 59.43 kB[22m[1m[22m[2m │ gzip:   6.01 kB[22m
[2mdist/[22m[36massets/stata-DorPZHa4.js                       [39m[1m[2m 61.01 kB[22m[1m[22m[2m │ gzip:  13.71 kB[22m
[2mdist/[22m[36massets/html-C2L_23MC.js                        [39m[1m[2m 61.33 kB[22m[1m[22m[2m │ gzip:  11.99 kB[22m
[2mdist/[22m[36massets/ballerina-Du268qiB.js                   [39m[1m[2m 61.63 kB[22m[1m[22m[2m │ gzip:   8.31 kB[22m
[2mdist/[22m[36massets/ocaml-BNioltXt.js                       [39m[1m[2m 65.87 kB[22m[1m[22m[2m │ gzip:   5.17 kB[22m
[2mdist/[22m[36massets/mojo-Tz6hzZYG.js                        [39m[1m[2m 72.57 kB[22m[1m[22m[2m │ gzip:  10.36 kB[22m
[2mdist/[22m[36massets/python-DhUJRlN_.js                      [39m[1m[2m 73.53 kB[22m[1m[22m[2m │ gzip:  10.43 kB[22m
[2mdist/[22m[36massets/c-C3t2pwGQ.js                           [39m[1m[2m 73.97 kB[22m[1m[22m[2m │ gzip:  10.64 kB[22m
[2mdist/[22m[36massets/vyper-nyqBNV6O.js                       [39m[1m[2m 78.23 kB[22m[1m[22m[2m │ gzip:  12.05 kB[22m
[2mdist/[22m[36massets/hack-D1yCygmZ.js                        [39m[1m[2m 84.65 kB[22m[1m[22m[2m │ gzip:  27.60 kB[22m
[2mdist/[22m[36massets/csharp-D9R-vmeu.js                      [39m[1m[2m 87.17 kB[22m[1m[22m[2m │ gzip:  10.39 kB[22m
[2mdist/[22m[36massets/swift-BSxZ-RaX.js                       [39m[1m[2m 90.99 kB[22m[1m[22m[2m │ gzip:  14.55 kB[22m
[2mdist/[22m[36massets/asciidoc-BPT9niGB.js                    [39m[1m[2m 93.51 kB[22m[1m[22m[2m │ gzip:   7.43 kB[22m
[2mdist/[22m[36massets/racket-CzouJOBO.js                      [39m[1m[2m 97.62 kB[22m[1m[22m[2m │ gzip:  15.62 kB[22m
[2mdist/[22m[36massets/fortran-free-form-DKXYxT9g.js           [39m[1m[2m 98.19 kB[22m[1m[22m[2m │ gzip:  12.37 kB[22m
[2mdist/[22m[36massets/less-BfCpw3nA.js                        [39m[1m[2m102.46 kB[22m[1m[22m[2m │ gzip:  15.13 kB[22m
[2mdist/[22m[36massets/objective-c-Deuh7S70.js                 [39m[1m[2m107.79 kB[22m[1m[22m[2m │ gzip:  23.25 kB[22m
[2mdist/[22m[36massets/blade-a8OxSdnT.js                       [39m[1m[2m108.00 kB[22m[1m[22m[2m │ gzip:  28.67 kB[22m
[2mdist/[22m[36massets/php-B5ebYQev.js                         [39m[1m[2m113.76 kB[22m[1m[22m[2m │ gzip:  28.82 kB[22m
[2mdist/[22m[36massets/mdx-sdHcTMYB.js                         [39m[1m[2m140.36 kB[22m[1m[22m[2m │ gzip:  23.62 kB[22m
[2mdist/[22m[36massets/objective-cpp-BUEGK8hf.js               [39m[1m[2m175.60 kB[22m[1m[22m[2m │ gzip:  30.67 kB[22m
[2mdist/[22m[36massets/javascript-ySlJ1b_l.js                  [39m[1m[2m198.03 kB[22m[1m[22m[2m │ gzip:  17.45 kB[22m
[2mdist/[22m[36massets/tsx-B6W0miNI.js                         [39m[1m[2m198.75 kB[22m[1m[22m[2m │ gzip:  17.45 kB[22m
[2mdist/[22m[36massets/jsx-BAng5TT0.js                         [39m[1m[2m201.01 kB[22m[1m[22m[2m │ gzip:  17.55 kB[22m
[2mdist/[22m[36massets/typescript-Dj6nwHGl.js                  [39m[1m[2m209.02 kB[22m[1m[22m[2m │ gzip:  17.02 kB[22m
[2mdist/[22m[36massets/angular-ts-CKsD7JZE.js                  [39m[1m[2m211.78 kB[22m[1m[22m[2m │ gzip:  17.62 kB[22m
[2mdist/[22m[36massets/wolfram-C3FkfJm5.js                     [39m[1m[2m268.60 kB[22m[1m[22m[2m │ gzip:  77.05 kB[22m
[2mdist/[22m[36massets/wasm-CG6Dc4jp.js                        [39m[1m[33m622.34 kB[39m[22m[2m │ gzip: 230.29 kB[22m
[2mdist/[22m[36massets/cpp-BksuvNSY.js                         [39m[1m[33m697.52 kB[39m[22m[2m │ gzip:  50.25 kB[22m
[2mdist/[22m[36massets/emacs-lisp-BX77sIaO.js                  [39m[1m[33m804.67 kB[39m[22m[2m │ gzip: 196.96 kB[22m
[2mdist/[22m[36massets/index-CsyGXptc.js                       [39m[1m[33m886.75 kB[39m[22m[2m │ gzip: 255.23 kB[22m
[33m
(!) Some chunks are larger than 500 kB after minification. Consider:
- Using dynamic import() to code-split the application
- Use build.rollupOptions.output.manualChunks to improve chunking: https://rollupjs.org/configuration-options/#output-manualchunks
- Adjust chunk size limit for this warning via build.chunkSizeWarningLimit.[39m
[32m✓ built in 11.30s[39m
